// Jest Snapshot v1, https://goo.gl/fbAQLP

exports[`SearchBar component renders SearchBar 1`] = `
<DocumentFragment>
  <label
    for="search"
  >
    Search Here:
  </label>
  <input
    id="search"
    name="search"
    type="text"
    value="Tesla"
  />
</DocumentFragment>
`;
