// Jest Snapshot v1, https://goo.gl/fbAQLP

exports[`Article component renders Article 1`] = `
<DocumentFragment>
  <h1>
    Extra! Extra!
  </h1>
</DocumentFragment>
`;
